../Core/Src/main.c:81:5:main	8	static
../Core/Src/main.c:139:6:SystemClock_Config	160	static
../Core/Src/main.c:192:13:MX_CAN_Init	8	static
../Core/Src/main.c:229:13:MX_TIM1_Init	112	static
../Core/Src/main.c:313:13:MX_TIM2_Init	40	static
../Core/Src/main.c:358:13:MX_TIM16_Init	80	static
../Core/Src/main.c:421:13:MX_TIM17_Init	80	static
../Core/Src/main.c:484:13:MX_USART2_UART_Init	8	static
../Core/Src/main.c:519:13:MX_GPIO_Init	48	static
../Core/Src/main.c:604:6:Error_Handler	4	static,ignoring_inline_asm
